python : INFO:utils.schema_manager:Dropped table test_quota
At line:1 char:22
+ ... _where.log; python test_etl_evolution.py csv/quota.csv 
test_quota --p ...
+                 
~~~~~~~~~~~~~~~~~~~~~~~~~~~~~~~~~~~~~~~~~~~~~~~~~~~~~~~~~
    + CategoryInfo          : NotSpecified: (INFO:utils.sche... 
   able test_quota:String) [], RemoteException
    + FullyQualifiedErrorId : NativeCommandError
 
INFO:utils.schema_manager:Table 'test_quota' created 
successfully.
WARNING:DataAligner:Dropping extra columns not in target 
schema: ['BUCKET', 'LINK_TYPE', 'MIN_CAPACITY', 'MAX_CAPACITY', 
'UNIT_COST_PER_MBPS_MONTHLY', 'CONTRACT', 'LOCKIN_MONTHS', 
'REMARKS', 'EFFECTIVE_END_TIME', 'IS_CURRENT', 'CREATED_BY', 
'EFFECTIVE_START_TIME', 'MINSLAB']
Traceback (most recent call last):
  File "E:\PyCode\_WebProject\telcoetl\etl_2\Tetl\etl.py", line 
345, in _load_and_validate
    res = upsert(self.engine, df, table, pk, chunk=csize, 
add_missing_cols=amc, failure_threshold=ft, 
semantic_meta=semantic_meta, trace_sql=trace_sql)
          ^^^^^^^^^^^^^^^^^^^^^^^^^^^^^^^^^^^^^^^^^^^^^^^^^^^^^^
^^^^^^^^^^^^^^^^^^^^^^^^^^^^^^^^^^^^^^^^^^^^^^^^^^^^^^^^^^^^^^^^
^^^^^^^^^^^^^^^^^^^^^^^
  File 
"E:\PyCode\_WebProject\telcoetl\etl_2\Tetl\utils\logger.py", 
line 145, in wrapper
    raise e
  File 
"E:\PyCode\_WebProject\telcoetl\etl_2\Tetl\utils\logger.py", 
line 127, in wrapper
    out = func(*args, **kwargs)
          ^^^^^^^^^^^^^^^^^^^^^
  File 
"E:\PyCode\_WebProject\telcoetl\etl_2\Tetl\utils\crud_v2.py", 
line 572, in auto_upsert
    return sqlite_upsert(engine, data, table, constrain, chunk, 
tolerance, trace_sql=trace_sql)
           ^^^^^^^^^^^^^^^^^^^^^^^^^^^^^^^^^^^^^^^^^^^^^^^^^^^^^
^^^^^^^^^^^^^^^^^^^^^^^^^^^^^^^
  File 
"E:\PyCode\_WebProject\telcoetl\etl_2\Tetl\utils\crud_v2.py", 
line 354, in sqlite_upsert
    key_cols = _validate_constrain_unique(conn, tbl, constrain)
               ^^^^^^^^^^^^^^^^^^^^^^^^^^^^^^^^^^^^^^^^^^^^^^^^
  File 
"E:\PyCode\_WebProject\telcoetl\etl_2\Tetl\utils\crud_v2.py", 
line 166, in _validate_constrain_unique
    raise ValueError(
ValueError: constrain=['COST_ID'] does not match any 
primary/unique key on 'test_quota'. Upsert requires a unique 
constraint to be safe.
INFO:DataAligner:Schema Evolution: Adding 13 columns: 
['CONTRACT', 'LINK_TYPE', 'BUCKET', 'MIN_CAPACITY', 
'MAX_CAPACITY', 'UNIT_COST_PER_MBPS_MONTHLY', 'MINSLAB', 
'LOCKIN_MONTHS', 'REMARKS', 'EFFECTIVE_START_TIME', 
'EFFECTIVE_END_TIME', 'IS_CURRENT', 'CREATED_BY']
INFO:DataAligner:Executing: ALTER TABLE test_quota ADD COLUMN 
"CONTRACT" VARCHAR(255)
INFO:DataAligner:Executing: ALTER TABLE test_quota ADD COLUMN 
"LINK_TYPE" VARCHAR(255)
INFO:DataAligner:Executing: ALTER TABLE test_quota ADD COLUMN 
"BUCKET" INTEGER
INFO:DataAligner:Executing: ALTER TABLE test_quota ADD COLUMN 
"MIN_CAPACITY" INTEGER
INFO:DataAligner:Executing: ALTER TABLE test_quota ADD COLUMN 
"MAX_CAPACITY" INTEGER
INFO:DataAligner:Executing: ALTER TABLE test_quota ADD COLUMN 
"UNIT_COST_PER_MBPS_MONTHLY" FLOAT
INFO:DataAligner:Executing: ALTER TABLE test_quota ADD COLUMN 
"MINSLAB" INTEGER
INFO:DataAligner:Executing: ALTER TABLE test_quota ADD COLUMN 
"LOCKIN_MONTHS" INTEGER
INFO:DataAligner:Executing: ALTER TABLE test_quota ADD COLUMN 
"REMARKS" VARCHAR(255)
INFO:DataAligner:Executing: ALTER TABLE test_quota ADD COLUMN 
"EFFECTIVE_START_TIME" TEXT
INFO:DataAligner:Executing: ALTER TABLE test_quota ADD COLUMN 
"EFFECTIVE_END_TIME" TEXT
INFO:DataAligner:Executing: ALTER TABLE test_quota ADD COLUMN 
"IS_CURRENT" INTEGER
INFO:DataAligner:Executing: ALTER TABLE test_quota ADD COLUMN 
"CREATED_BY" FLOAT
Traceback (most recent call last):
  File "E:\PyCode\_WebProject\telcoetl\etl_2\Tetl\etl.py", line 
345, in _load_and_validate
    res = upsert(self.engine, df, table, pk, chunk=csize, 
add_missing_cols=amc, failure_threshold=ft, 
semantic_meta=semantic_meta, trace_sql=trace_sql)
          ^^^^^^^^^^^^^^^^^^^^^^^^^^^^^^^^^^^^^^^^^^^^^^^^^^^^^^
^^^^^^^^^^^^^^^^^^^^^^^^^^^^^^^^^^^^^^^^^^^^^^^^^^^^^^^^^^^^^^^^
^^^^^^^^^^^^^^^^^^^^^^^
  File 
"E:\PyCode\_WebProject\telcoetl\etl_2\Tetl\utils\logger.py", 
line 145, in wrapper
    raise e
  File 
"E:\PyCode\_WebProject\telcoetl\etl_2\Tetl\utils\logger.py", 
line 127, in wrapper
    out = func(*args, **kwargs)
          ^^^^^^^^^^^^^^^^^^^^^
  File 
"E:\PyCode\_WebProject\telcoetl\etl_2\Tetl\utils\crud_v2.py", 
line 572, in auto_upsert
    return sqlite_upsert(engine, data, table, constrain, chunk, 
tolerance, trace_sql=trace_sql)
           ^^^^^^^^^^^^^^^^^^^^^^^^^^^^^^^^^^^^^^^^^^^^^^^^^^^^^
^^^^^^^^^^^^^^^^^^^^^^^^^^^^^^^
  File 
"E:\PyCode\_WebProject\telcoetl\etl_2\Tetl\utils\crud_v2.py", 
line 354, in sqlite_upsert
    key_cols = _validate_constrain_unique(conn, tbl, constrain)
               ^^^^^^^^^^^^^^^^^^^^^^^^^^^^^^^^^^^^^^^^^^^^^^^^
  File 
"E:\PyCode\_WebProject\telcoetl\etl_2\Tetl\utils\crud_v2.py", 
line 166, in _validate_constrain_unique
    raise ValueError(
ValueError: constrain=['COST_ID'] does not match any 
primary/unique key on 'test_quota'. Upsert requires a unique 
constraint to be safe.
INFO:utils.schema_manager:Dropped table test_quota
INFO:utils.schema_manager:Table 'test_quota' created 
successfully.

============================================================
 Setup: Loading csv\quota.csv
============================================================
  [CLEANUP] Dropping 'test_quota' and resetting engine...
  [CLEANUP] Table 'test_quota' dropped.
  [CLEANUP] Engine disposed.
  File: csv\quota.csv
  Shape: (33, 16)
  Columns: ['COST_ID', 'COST_CODE', 'VENDOR', 'CONTRACT', 'LINK_TYPE', 'BUCKET', 'MIN_CAPACITY', 'MAX_CAPACITY', 'UNIT_COST_PER_MBPS_MONTHLY', 'MINSLAB', 'LOCKIN_MONTHS', 'REMARKS', 'EFFECTIVE_START_TIME', 'EFFECTIVE_END_TIME', 'IS_CURRENT', 'CREATED_BY']
  DB Dialect: sqlite

============================================================
 Test: create_load with Subset Schema
============================================================
  Using columns: ['COST_ID', 'COST_CODE', 'VENDOR']
  Using rows: 5
PK validation SUCCESS for test_quota: ['COST_ID']
Generating DDL for sqlite...
Saved DDL and Metadata to schema
Table 'test_quota' not found in sqlite. Creating...
Performing 'insert' on 'test_quota' (chunksize=10000)...
Load complete. 5 rows processed for 'test_quota'.
Validating row counts for 'test_quota'...
Validation finished. Final DB count: 5
  [92m[PASS][0m - create_load with Subset Schema

============================================================
 Test: auto_etl Upsert (add_missing_cols=False)
============================================================
Retrieving schema hints for 'test_quota'...
PK validation SUCCESS for test_quota: ['COST_ID']
AutoETL: Table 'test_quota' exists. Performing upsert using keys: ['COST_ID']
Retrieving schema hints for 'test_quota'...
PK validation SUCCESS for test_quota: ['COST_ID']
Performing 'upsert' on 'test_quota' (chunksize=10000)...
Error during data loading: constrain=['COST_ID'] does not match any primary/unique key on 'test_quota'. Upsert requires a unique constraint to be safe.
  [91m[FAIL][0m - auto_etl Upsert (add_missing_cols=False)

============================================================
 Test: auto_etl Upsert (add_missing_cols=True)
============================================================
Retrieving schema hints for 'test_quota'...
PK validation SUCCESS for test_quota: ['COST_ID']
AutoETL: Table 'test_quota' exists. Performing upsert using keys: ['COST_ID']
Retrieving schema hints for 'test_quota'...
PK validation SUCCESS for test_quota: ['COST_ID']
Performing 'upsert' on 'test_quota' (chunksize=10000)...
Error during data loading: constrain=['COST_ID'] does not match any primary/unique key on 'test_quota'. Upsert requires a unique constraint to be safe.
  [91m[FAIL][0m - auto_etl Upsert (add_missing_cols=True)

============================================================
 Test: append New Data
============================================================
  Rows before append: 5
  Appending 3 new rows
Retrieving schema hints for 'test_quota'...
Performing 'insert' on 'test_quota' (chunksize=10000)...
Load complete. 3 rows processed for 'test_quota'.
Validating row counts for 'test_quota'...
Validation FAILURE: DB count (8) != DF count (3).
  Rows after append: 8
  Append verified: 5 + 3 = 8
  [92m[PASS][0m - append New Data

============================================================
 Test: update Specific Records
============================================================
  Target record: COST_ID = 1001
  Found string column: COST_CODE
  Updating COST_CODE: SCL*Robi-LP-001855-1*BH*2 -> SCL*Robi-LP-001855-1*BH*2_UPDATED
Retrieving schema hints for 'test_quota'...
  Rows updated: 0
  Update failed: Expected 'SCL*Robi-LP-001855-1*BH*2_UPDATED', got 'SCL*Robi-LP-001855-1*BH*2'
  [91m[FAIL][0m - update Specific Records

============================================================
 Test: create_load Full Replace
============================================================
Retrieving schema hints for 'test_quota'...
PK validation SUCCESS for test_quota: ['COST_ID']
Generating DDL for sqlite...
Saved DDL and Metadata to schema
Table 'test_quota' exists and drop_if_exists=True. Dropping...
Table 'test_quota' not found in sqlite. Creating...
Performing 'insert' on 'test_quota' (chunksize=10000)...
Load complete. 33 rows processed for 'test_quota'.
Validating row counts for 'test_quota'...
Validation finished. Final DB count: 33
  [92m[PASS][0m - create_load Full Replace

============================================================
 Final Verification
============================================================
  Final row count: 33
  Final columns (16): ['COST_ID', 'COST_CODE', 'VENDOR', 'CONTRACT', 'LINK_TYPE', 'BUCKET', 'MIN_CAPACITY', 'MAX_CAPACITY', 'UNIT_COST_PER_MBPS_MONTHLY', 'MINSLAB', 'LOCKIN_MONTHS', 'REMARKS', 'EFFECTIVE_START_TIME', 'EFFECTIVE_END_TIME', 'IS_CURRENT', 'CREATED_BY']
  Schema Match: All source columns present in database

============================================================
 Test Summary
============================================================
  Tests Passed: 3/6
  [92m[PASS][0m - create_load with Subset Schema
  [91m[FAIL][0m - auto_etl Upsert (add_missing_cols=False)
  [91m[FAIL][0m - auto_etl Upsert (add_missing_cols=True)
  [92m[PASS][0m - append New Data
  [91m[FAIL][0m - update Specific Records
  [92m[PASS][0m - create_load Full Replace
